Symlinking /home/sid20-04/catkin_ws/devel/share/common-lisp/ros/mav_msgs/msg/_package_DroneState.lisp
Symlinking /home/sid20-04/catkin_ws/devel/share/common-lisp/ros/mav_msgs/msg/_package_Status.lisp
Symlinking /home/sid20-04/catkin_ws/devel/share/common-lisp/ros/mav_msgs/msg/RateThrust.lisp
Symlinking /home/sid20-04/catkin_ws/devel/share/common-lisp/ros/mav_msgs/msg/TorqueThrust.lisp
Symlinking /home/sid20-04/catkin_ws/devel/share/common-lisp/ros/mav_msgs/msg/_package_FilteredSensorData.lisp
Symlinking /home/sid20-04/catkin_ws/devel/share/common-lisp/ros/mav_msgs/msg/AttitudeThrust.lisp
Symlinking /home/sid20-04/catkin_ws/devel/share/common-lisp/ros/mav_msgs/msg/FilteredSensorData.lisp
Symlinking /home/sid20-04/catkin_ws/devel/share/common-lisp/ros/mav_msgs/msg/_package_GpsWaypoint.lisp
Symlinking /home/sid20-04/catkin_ws/devel/share/common-lisp/ros/mav_msgs/msg/GpsWaypoint.lisp
Symlinking /home/sid20-04/catkin_ws/devel/share/common-lisp/ros/mav_msgs/msg/_package_AttitudeThrust.lisp
Symlinking /home/sid20-04/catkin_ws/devel/share/common-lisp/ros/mav_msgs/msg/_package_RollPitchYawrateThrust.lisp
Symlinking /home/sid20-04/catkin_ws/devel/share/common-lisp/ros/mav_msgs/msg/Actuators.lisp
Symlinking /home/sid20-04/catkin_ws/devel/share/common-lisp/ros/mav_msgs/msg/_package_RateThrust.lisp
Symlinking /home/sid20-04/catkin_ws/devel/share/common-lisp/ros/mav_msgs/msg/DroneState.lisp
Symlinking /home/sid20-04/catkin_ws/devel/share/common-lisp/ros/mav_msgs/msg/RollPitchYawrateThrust.lisp
Symlinking /home/sid20-04/catkin_ws/devel/share/common-lisp/ros/mav_msgs/msg/_package_TorqueThrust.lisp
Symlinking /home/sid20-04/catkin_ws/devel/share/common-lisp/ros/mav_msgs/msg/_package_Actuators.lisp
Symlinking /home/sid20-04/catkin_ws/devel/share/common-lisp/ros/mav_msgs/msg/mav_msgs-msg.asd
Symlinking /home/sid20-04/catkin_ws/devel/share/common-lisp/ros/mav_msgs/msg/RollPitchYawrateThrustCrazyflie.lisp
Symlinking /home/sid20-04/catkin_ws/devel/share/common-lisp/ros/mav_msgs/msg/_package_RollPitchYawrateThrustCrazyflie.lisp
Symlinking /home/sid20-04/catkin_ws/devel/share/common-lisp/ros/mav_msgs/msg/Status.lisp
Symlinking /home/sid20-04/catkin_ws/devel/share/common-lisp/ros/mav_msgs/msg/_package.lisp
Symlinking /home/sid20-04/catkin_ws/devel/share/mav_msgs/cmake/mav_msgs-msg-extras.cmake
Symlinking /home/sid20-04/catkin_ws/devel/share/mav_msgs/cmake/mav_msgsConfig.cmake
Symlinking /home/sid20-04/catkin_ws/devel/share/mav_msgs/cmake/mav_msgsConfig-version.cmake
Symlinking /home/sid20-04/catkin_ws/devel/share/mav_msgs/cmake/mav_msgs-msg-paths.cmake
Symlinking /home/sid20-04/catkin_ws/devel/share/roseus/ros/mav_msgs/manifest.l
Symlinking /home/sid20-04/catkin_ws/devel/share/roseus/ros/mav_msgs/msg/TorqueThrust.l
Symlinking /home/sid20-04/catkin_ws/devel/share/roseus/ros/mav_msgs/msg/GpsWaypoint.l
Symlinking /home/sid20-04/catkin_ws/devel/share/roseus/ros/mav_msgs/msg/DroneState.l
Symlinking /home/sid20-04/catkin_ws/devel/share/roseus/ros/mav_msgs/msg/RateThrust.l
Symlinking /home/sid20-04/catkin_ws/devel/share/roseus/ros/mav_msgs/msg/RollPitchYawrateThrust.l
Symlinking /home/sid20-04/catkin_ws/devel/share/roseus/ros/mav_msgs/msg/Status.l
Symlinking /home/sid20-04/catkin_ws/devel/share/roseus/ros/mav_msgs/msg/RollPitchYawrateThrustCrazyflie.l
Symlinking /home/sid20-04/catkin_ws/devel/share/roseus/ros/mav_msgs/msg/Actuators.l
Symlinking /home/sid20-04/catkin_ws/devel/share/roseus/ros/mav_msgs/msg/FilteredSensorData.l
Symlinking /home/sid20-04/catkin_ws/devel/share/roseus/ros/mav_msgs/msg/AttitudeThrust.l
Symlinking /home/sid20-04/catkin_ws/devel/share/gennodejs/ros/mav_msgs/_index.js
Symlinking /home/sid20-04/catkin_ws/devel/share/gennodejs/ros/mav_msgs/msg/GpsWaypoint.js
Symlinking /home/sid20-04/catkin_ws/devel/share/gennodejs/ros/mav_msgs/msg/AttitudeThrust.js
Symlinking /home/sid20-04/catkin_ws/devel/share/gennodejs/ros/mav_msgs/msg/_index.js
Symlinking /home/sid20-04/catkin_ws/devel/share/gennodejs/ros/mav_msgs/msg/RollPitchYawrateThrustCrazyflie.js
Symlinking /home/sid20-04/catkin_ws/devel/share/gennodejs/ros/mav_msgs/msg/Actuators.js
Symlinking /home/sid20-04/catkin_ws/devel/share/gennodejs/ros/mav_msgs/msg/TorqueThrust.js
Symlinking /home/sid20-04/catkin_ws/devel/share/gennodejs/ros/mav_msgs/msg/FilteredSensorData.js
Symlinking /home/sid20-04/catkin_ws/devel/share/gennodejs/ros/mav_msgs/msg/DroneState.js
Symlinking /home/sid20-04/catkin_ws/devel/share/gennodejs/ros/mav_msgs/msg/Status.js
Symlinking /home/sid20-04/catkin_ws/devel/share/gennodejs/ros/mav_msgs/msg/RateThrust.js
Symlinking /home/sid20-04/catkin_ws/devel/share/gennodejs/ros/mav_msgs/msg/RollPitchYawrateThrust.js
Symlinking /home/sid20-04/catkin_ws/devel/include/mav_msgs/RollPitchYawrateThrust.h
Symlinking /home/sid20-04/catkin_ws/devel/include/mav_msgs/TorqueThrust.h
Symlinking /home/sid20-04/catkin_ws/devel/include/mav_msgs/AttitudeThrust.h
Symlinking /home/sid20-04/catkin_ws/devel/include/mav_msgs/RateThrust.h
Symlinking /home/sid20-04/catkin_ws/devel/include/mav_msgs/RollPitchYawrateThrustCrazyflie.h
Symlinking /home/sid20-04/catkin_ws/devel/include/mav_msgs/Status.h
Symlinking /home/sid20-04/catkin_ws/devel/include/mav_msgs/DroneState.h
Symlinking /home/sid20-04/catkin_ws/devel/include/mav_msgs/FilteredSensorData.h
Symlinking /home/sid20-04/catkin_ws/devel/include/mav_msgs/Actuators.h
Symlinking /home/sid20-04/catkin_ws/devel/include/mav_msgs/GpsWaypoint.h
Symlinking /home/sid20-04/catkin_ws/devel/lib/pkgconfig/mav_msgs.pc
Symlinking /home/sid20-04/catkin_ws/devel/lib/python3/dist-packages/mav_msgs/__init__.py
Symlinking /home/sid20-04/catkin_ws/devel/lib/python3/dist-packages/mav_msgs/msg/_AttitudeThrust.py
Symlinking /home/sid20-04/catkin_ws/devel/lib/python3/dist-packages/mav_msgs/msg/_RateThrust.py
Symlinking /home/sid20-04/catkin_ws/devel/lib/python3/dist-packages/mav_msgs/msg/__init__.py
Symlinking /home/sid20-04/catkin_ws/devel/lib/python3/dist-packages/mav_msgs/msg/_GpsWaypoint.py
Symlinking /home/sid20-04/catkin_ws/devel/lib/python3/dist-packages/mav_msgs/msg/_Actuators.py
Symlinking /home/sid20-04/catkin_ws/devel/lib/python3/dist-packages/mav_msgs/msg/_TorqueThrust.py
Symlinking /home/sid20-04/catkin_ws/devel/lib/python3/dist-packages/mav_msgs/msg/_DroneState.py
Symlinking /home/sid20-04/catkin_ws/devel/lib/python3/dist-packages/mav_msgs/msg/_FilteredSensorData.py
Symlinking /home/sid20-04/catkin_ws/devel/lib/python3/dist-packages/mav_msgs/msg/_Status.py
Symlinking /home/sid20-04/catkin_ws/devel/lib/python3/dist-packages/mav_msgs/msg/_RollPitchYawrateThrustCrazyflie.py
Symlinking /home/sid20-04/catkin_ws/devel/lib/python3/dist-packages/mav_msgs/msg/_RollPitchYawrateThrust.py
